[max-tysons-trendy-project.webflow.io/index.html]
[backblue.gif]
[fade.gif]
[index.html]
[uploads-ssl.webflow.com/5f265b390311fc930902d4f6/css/max-tysons-trendy-project.webflow.42809cc12.css]
[ajax.googleapis.com/ajax/libs/webfont/1.6.26/webfont.js]
[uploads-ssl.webflow.com/img/webclip.png]
[uploads-ssl.webflow.com/5f265b390311fc930902d4f6/5f27a27cccdebb657270e3a0_Max Inc Logo (1).png]
[max-tysons-trendy-project.webflow.io/about.html]
[max-tysons-trendy-project.webflow.io/projects.html]
[max-tysons-trendy-project.webflow.io/blog.html]
[max-tysons-trendy-project.webflow.io/contact.html]
[uploads-ssl.webflow.com/5f265b390311fc930902d4f6/5f265b3a2027b923f0095123_menu-icon.png]
[uploads-ssl.webflow.com/5f265b390311fc930902d4f6/5f266b3d8a8b66a905d4941e_maxresdefault.jpg]
[uploads-ssl.webflow.com/5f265b390311fc930902d4f6/5f266ba62480e16fb9e725b7_b4836297-7a66-4b2e-bf9f-b90cb3ecbe12_newrobot_hat.png]
[d3e54v103j8qbb.cloudfront.net/js/jquery-3.4.1.min.220afd743d5dc7.js]
[max-tysons-trendy-project.webflow.io/index.html]
[uploads-ssl.webflow.com/5f265b390311fc930902d4f6/js/webflow.f3347ef4d.js]
[uploads-ssl.webflow.com/5f265b390311fc930902d4f6/5f27a5b39535998f1899f7ed_photovisi-download.jpg]
[d3e54v103j8qbb.cloudfront.net/img/example-bg.png]
[uploads-ssl.webflow.com/5f265b390311fc930902d4f6/css/max-tysons-trendy-project.webflow.42809cc12.css]
[max-tysons-trendy-project.webflow.io/about.html]
[uploads-ssl.webflow.com/5f265b390311fc930902d4f6/5f2718558a8b663e40d5a2d4_maxresdefault (1).jpg]
[uploads-ssl.webflow.com/5f265b390311fc930902d4f6/5f271776a46c92ee88a1d8c8_Screenshot 2020-08-03 at 7.40.38 AM.png]
[uploads-ssl.webflow.com/5f265b390311fc930902d4f6/5f2795c7ccdebbca1970bec8_14.jpg]
[uploads-ssl.webflow.com/5f265b390311fc930902d4f6/5f2797e28e65f20753d1592c_Screenshot 2020-08-03 at 4.48.53 PM.png]
[uploads-ssl.webflow.com/5f265b390311fc930902d4f6/5f2797df40b6dba1b4f069af_Screenshot 2020-08-03 at 4.51.21 PM.png]
[uploads-ssl.webflow.com/5f265b390311fc930902d4f6/5f279b4d86cfb6690d6da5cc_Screenshot 2020-08-03 at 5.05.28 PM.png]
[uploads-ssl.webflow.com/5f265b390311fc930902d4f6/5f2797df0311fc361c050729_Screenshot 2020-08-03 at 4.50.08 PM.png]
[uploads-ssl.webflow.com/5f265b390311fc930902d4f6/5f2797e02480e10c34e9513c_Screenshot 2020-08-03 at 4.49.35 PM.png]
[max-tysons-trendy-project.webflow.io/projects.html]
[uploads-ssl.webflow.com/5f265b390311fc930902d4f6/5f265b3a2027b95e78095126_webflow-w-small@2x.png]
[max-tysons-trendy-project.webflow.io/blog.html]
[max-tysons-trendy-project.webflow.io/contact.html]
[max-tysons-trendy-project.webflow.io/post/7-of-the-best-examples-of-beautiful-blog-design.html]
[max-tysons-trendy-project.webflow.io/post/14-common-misconceptions-about-web-design.html]
[max-tysons-trendy-project.webflow.io/post/10-quick-tips-about-blogging.html]
[max-tysons-trendy-project.webflow.io/post/15-best-blogs-to-follow-about-web-design.html]
[max-tysons-trendy-project.webflow.io/_https_/uploads-ssl.webflow.com/5f265b3a2027b9d42809511e/5f265b3a2027b92716095163_placeholder 1.html]
[max-tysons-trendy-project.webflow.io/_https_/uploads-ssl.webflow.com/5f265b3a2027b9d42809511e/5f265b3a2027b9b5ab095164_placeholder 2.html]
[max-tysons-trendy-project.webflow.io/_https_/uploads-ssl.webflow.com/5f265b3a2027b9d42809511e/5f265b3a2027b9bb6b095165_placeholder 3.html]
[max-tysons-trendy-project.webflow.io/post/5-principles-of-effective-web-design.html]
