[98maxt98.wixsite.com/website-3.html]
[static.parastorage.com/unpkg/core-js-bundle@3.2.1/minified.js]
[static.parastorage.com/unpkg/focus-within-polyfill@5.0.9/dist/focus-within-polyfill.js]
[polyfill.io/v3/polyfill.mind82c.js]
[98maxt98.wixsite.com/website-3/decodeURIComponent(e]
[browser.sentry-cdn.com/5.21.4/bundle.min.js]
[static.parastorage.com/services/santa-resources/resources/viewer/editorUI/fonts.v10.png]
[backblue.gif]
[fade.gif]
[index.html]
[98maxt98.wixsite.com/website-3/_api/v2/dynamicmodel.json]
[static.parastorage.com/services/communities-blog-viewer-app/1.898.0/feed-page-viewer.bundle.min.js]
[static.parastorage.com/services/communities-blog-viewer-app/1.898.0/archive-widget-viewer.bundle.min.js]
[static.parastorage.com/services/communities-blog-viewer-app/1.898.0/post-page-viewer.bundle.min.js]
[static.parastorage.com/services/communities-blog-viewer-app/1.898.0/post-list-widget-viewer.bundle.min.js]
[static.parastorage.com/services/communities-blog-viewer-app/1.898.0/category-menu-widget-viewer.bundle.min.js]
[static.parastorage.com/services/communities-blog-viewer-app/1.898.0/tag-cloud-widget-viewer.bundle.min.js]
[static.parastorage.com/services/wix-events-frameless-widget/1.707.0/eventsDetailsPage.bundle.min.js]
[static.parastorage.com/services/wix-events-frameless-widget/1.707.0/eventsWidget.bundle.min.js]
[static.parastorage.com/services/wix-events-frameless-widget/1.707.0/membersViewerWidget.bundle.min.js]
[static.parastorage.com/services/wix-events-frameless-widget/1.707.0/agendaPage.bundle.min.11.delayed]
[static.parastorage.com/services/communities-blog-editor-app/1.776.0/editor-app.bundle.min.js]
[static.parastorage.com/services/editor-script/1.469.0/editor-script.bundle.min.js]
[static.parastorage.com/services/chat-worker/1.430.0/viewer-script.bundle.min.js]
[static.parastorage.com/services/wix-thunderbolt/dist/clientWorker.b65342e1.bundle.min.js]
[static.parastorage.com/services/wix-form-builder/1.3523.0/editor-app.bundle.min.js]
[static.parastorage.com/services/wix-form-builder/1.3523.0/viewer-app.bundle.min.js]
[static.parastorage.com/services/communities-blog-viewer-app/1.898.0/viewer-script.bundle.min.js]
[static.parastorage.com/services/wix-events-frameless-widget/1.707.0/viewerScript.bundle.min.js]
[static.parastorage.com/services/editor-elements/dist/componentSdks.b134abe3.bundle.min.js]
[static.parastorage.com/services/editor-elements/1.2624.0/componentSSRSdks.bundle.js]
[98maxt98.wixsite.com/website-3/robots.1c.delayed]
[98maxt98.wixsite.com/website-3/wix-thunderbolt/dist/index.html]
[98maxt98.wixsite.com/website-3/sitemap.xml]
[98maxt98.wixsite.com/website-3/feed.xml]
[static.parastorage.com/services/editor-elements/dist/siteAssets.1a273c50.chunk.min.js]
[static.parastorage.com/services/editor-elements/dist/webpack-runtime.94f770e3.bundle.min.js]
[static.parastorage.com/services/wix-thunderbolt/dist/bootstrap-features.eb6b4af0.chunk.min.js]
[static.parastorage.com/services/wix-thunderbolt/dist/main.a9e17c14.chunk.min.js]
[98maxt98.wixsite.com/website-3/$&/index.html]
[static.parastorage.com/unpkg/lodash@4.17.15/lodash.min.js]
[static.parastorage.com/services/wix-thunderbolt/dist/wix-code-sdk-providers.092685bc.chunk.min.js]
[98maxt98.wixsite.com/_partials/index.html]
[static.parastorage.com/services/wix-thunderbolt/dist/ooi.3d0d376a.chunk.min.js]
[static.parastorage.com/services/wix-thunderbolt/dist/siteMembers.ed4ab548.chunk.min.js]
[static.parastorage.com/services/wix-thunderbolt/dist/siteScrollBlocker.3ee376c6.chunk.min.js]
[static.parastorage.com/services/wix-thunderbolt/dist/tpaCommons.04233814.chunk.min.js]
[static.parastorage.com/services/wix-thunderbolt/dist/windowMessageRegistrar.b3839bf1.chunk.min.js]
[static.parastorage.com/services/wix-thunderbolt/dist/platform.b4f47547.chunk.min.js]
[static.parastorage.com/services/wix-thunderbolt/dist/vendors_vendor-react-dom.769fa27e.chunk.min.js]
[static.parastorage.com/services/wix-thunderbolt/dist/vendor-react-dom.2d30c971.chunk.min.js]
[static.parastorage.com/services/tag-manager-client/1.186.0/siteTags.bundle.min.js]
[static.parastorage.com/services/editor-elements/dist/thunderboltElements.e79fbca4.bundle.min.js]
[98maxt98.wixsite.com/index.html]
[static.parastorage.com/services/wix-perf-measure/1.238.0/wix-perf-measure.bundle.min.js]
[static.parastorage.com/services/wix-thunderbolt/dist/activePopup.9471b5a5.chunk.min.js]
[static.parastorage.com/services/wix-thunderbolt/dist/dropdownMenu.d9d55d1b.chunk.min.js]
[static.parastorage.com/services/wix-thunderbolt/dist/imageZoom.71f1935b.chunk.min.js]
[static.parastorage.com/services/wix-thunderbolt/dist/navigation.960d5460.chunk.min.js]
[static.parastorage.com/services/wix-thunderbolt/dist/onloadCompsBehaviors.62877242.chunk.min.js]
[static.parastorage.com/services/wix-thunderbolt/dist/ooiTpaSharedConfig.0d4ff852.chunk.min.js]
[static.parastorage.com/services/wix-thunderbolt/dist/pageScroll.f4f66583.chunk.min.js]
[static.parastorage.com/services/wix-thunderbolt/dist/platformPubsub.7dc35317.chunk.min.js]
[static.parastorage.com/services/wix-thunderbolt/dist/scrollRestoration.556397f3.chunk.min.js]
[static.parastorage.com/services/wix-thunderbolt/dist/scrollToAnchor.47a424c2.chunk.min.js]
[static.parastorage.com/services/wix-thunderbolt/dist/tpa.7ee48c25.chunk.min.js]
[static.parastorage.com/services/wix-thunderbolt/dist/windowScroll.731f1663.chunk.min.js]
[static.parastorage.com/services/wix-thunderbolt/dist/backgroundScrub.0422cecb.chunk.min.js]
[static.parastorage.com/services/wix-thunderbolt/dist/pageAnchors.05919684.chunk.min.js]
[static.parastorage.com/services/wix-thunderbolt/dist/pageTransitions.79f449ea.chunk.min.js]
[static.parastorage.com/services/wix-thunderbolt/dist/reducedMotion.b5718e97.chunk.min.js]
[static.parastorage.com/services/wix-thunderbolt/dist/screenIn.57ebff80.chunk.min.js]
[static.parastorage.com/services/editor-elements/dist/bootstrap-components.9ec7f410.chunk.min.js]
[static.parastorage.com/services/editor-elements/dist/vendors_SlideShowContainer_SlideShowGallery_BlogSlideShow_SlideShowGallery_SlideShowCleanAndSimple_S_89dc4bc8.fcac4b16.chunk.min.js]
[static.parastorage.com/services/editor-elements/dist/SlideShowGallery_BlogSlideShow_SlideShowGallery_SlideShowCleanAndSimple_SlideShowGallery_SlideShowGa_6b1740a9.253898c9.chunk.min.js]
[static.parastorage.com/services/editor-elements/dist/SlideShowGallery_SlideShowTextOverlay.3bde121c.chunk.min.js]
[static.parastorage.com/services/editor-elements/dist/AppWidget.47f6f827.chunk.min.js]
[static.parastorage.com/services/editor-elements/dist/FormContainer_FormContainerSkin.fcb66aab.chunk.min.js]
[static.parastorage.com/services/editor-elements/dist/common-site-members-dialogs.2f3f3e19.chunk.min.js]
[static.parastorage.com/services/editor-elements/dist/TextInput.9051ee76.chunk.min.js]
[static.parastorage.com/services/editor-elements/dist/GoogleMap.3959cf2b.chunk.min.js]
[static.parastorage.com/services/editor-elements/dist/TextAreaInput.6943ecd7.chunk.min.js]
[static.parastorage.com/services/editor-elements/dist/DropDownMenu_TextOnlyMenuButtonSkin.20e389ec.chunk.min.js]
[static.parastorage.com/services/editor-elements/dist/PinnedLayer.96f418c8.chunk.min.js]
[static.parastorage.com/services/editor-elements/dist/FreemiumBannerDesktop.f60a6059.chunk.min.js]
[static.parastorage.com/services/wix-thunderbolt/dist/tpa-components.f0144e1c.chunk.min.js]
[static.parastorage.com/services/editor-elements/dist/media/sloppyframe.d6793e19.png]
[static.wixstatic.com/media/3d70c1_c7ac0b0aceca46f18b1e740217eae06f_mv2.jpeg/v1/fill/w_3,h_2,al_c,q_90,usm_0.66_1.00_0.01/3d70c1_c7ac0b0aceca46f18b1e740217eae06f_mv2.jpg]
[static.parastorage.com/services/communities-blog-viewer-app/1.898.0/feed-page-viewer.min.css]
[98maxt98.wixsite.com/website-3/index.html]
[static.wixstatic.com/media/3d70c1_1272b8cb459b477ab47939abcca7399e_mv2.jpg/v1/fit/w_20,h_529,blur_3,al_c,q_80/file.jpg]
[static.wixstatic.com/media/3d70c1_664cb5197d034579a2a12af478b943a7_mv2.png/v1/fit/w_20,h_572,blur_3,al_c,q_80/file.png]
[98maxt98.wixsite.com/website-3/post/doctor-simulator-fps.html]
[98maxt98.wixsite.com/website-3/post/fishing-sim.html]
[static.wixstatic.com/media/3d70c1_bd99d8cf7ba5412686afe61a032d8a91_mv2.jpg/v1/fit/w_20,h_444,blur_3,al_c,q_80/file.jpg]
[98maxt98.wixsite.com/website-3/blog/index.html]
[98maxt98.wixsite.com/website-3/post/multiracer-pro.html]
[static.wixstatic.com/media/3d70c1_8ba582e808ef408daae851c45b2a10b5_mv2.png/v1/fit/w_20,h_494,blur_3,al_c,q_80/file.png]
[98maxt98.wixsite.com/website-3/post/karting-game.html]
[static.wixstatic.com/media/3d70c1_79a78c86891748b4801c1d1ccca90fc3_mv2.png/v1/fit/w_20,h_477,blur_3,al_c,q_80/file.png]
[static.wixstatic.com/media/3d70c1_656ec019bd9f46168e252c7e434b0097_mv2.jpg/v1/fit/w_20,h_529,blur_3,al_c,q_80/file.jpg]
[98maxt98.wixsite.com/website-3.html]
[98maxt98.wixsite.com/website-3/decodeURIComponent(e.html]
[static.parastorage.com/services/wix-events-frameless-widget/1.707.0/agendaPage.bundle.min.js]
[98maxt98.wixsite.com/website-3/wix-thunderbolt/dist/index.html]
[98maxt98.wixsite.com/website-3/robots.html]
[98maxt98.wixsite.com/website-3/feed.html]
[98maxt98.wixsite.com/website-3/$&/index.html]
[98maxt98.wixsite.com/_partials/index.html]
[98maxt98.wixsite.com/index.html]
[98maxt98.wixsite.com/website-3/index.html]
[98maxt98.wixsite.com/website-3/post/future-fps.html]
[static.parastorage.com/services/communities-blog-viewer-app/1.898.0/feed-page-viewer.min.css]
[98maxt98.wixsite.com/website-3/post/covid-20.html]
[98maxt98.wixsite.com/website-3/blog/index.html]
[98maxt98.wixsite.com/website-3/blog.html]
[static.parastorage.com/services/communities-blog-viewer-app/1.898.0/post-page-viewer.min.css]
[static.wixstatic.com/media/3d70c1_1272b8cb459b477ab47939abcca7399e_mv2.jpg/v1/fit/w_300,h_300,al_c,q_5/file.jpg]
[98maxt98.wixsite.com/website-3/post/doctor-simulator-fps.html]
[98maxt98.wixsite.com/website-3/blog/tags/beta.html]
[98maxt98.wixsite.com/website-3/blog/tags/_new.html]
[static.wixstatic.com/media/3d70c1_664cb5197d034579a2a12af478b943a7_mv2.png/v1/fit/w_300,h_300,al_c,q_5/file.png]
[98maxt98.wixsite.com/website-3/blog/tags/fetured.html]
[98maxt98.wixsite.com/website-3/post/fishing-sim.html]
[static.wixstatic.com/media/3d70c1_bd99d8cf7ba5412686afe61a032d8a91_mv2.jpg/v1/fit/w_300,h_300,al_c,q_5/file.jpg]
[98maxt98.wixsite.com/website-3/blog/tags/testers-welcome.html]
[98maxt98.wixsite.com/website-3/post/multiracer-pro.html]
[static.wixstatic.com/media/3d70c1_8ba582e808ef408daae851c45b2a10b5_mv2.png/v1/fit/w_300,h_300,al_c,q_5/file.png]
[98maxt98.wixsite.com/website-3/post/karting-game.html]
[98maxt98.wixsite.com/website-3/blog/tags/mostplayed.html]
[static.wixstatic.com/media/3d70c1_79a78c86891748b4801c1d1ccca90fc3_mv2.png/v1/fit/w_300,h_300,al_c,q_5/file.png]
[98maxt98.wixsite.com/website-3/post/future-fps.html]
[static.wixstatic.com/media/3d70c1_656ec019bd9f46168e252c7e434b0097_mv2.jpg/v1/fit/w_300,h_300,al_c,q_5/file.jpg]
[98maxt98.wixsite.com/website-3/post/covid-20.html]
[98maxt98.wixsite.com/website-3/;-$Path=/;-XSRF-TOKEN=1601584432_Ay5iL0p7nO-U;-$Path=/;-SameSite=None;-$Path=/;-hs=1054861562;-$Path=]
[98maxt98.wixsite.com/website-3/; $Path=/; XSRF-TOKEN=1601584432_Ay5iL0p7nO-U; $Path=/; SameSite=None; $Path=/; hs=1054861562; $Path=/index.html]
[98maxt98.wixsite.com/website-3/blog.html]
[98maxt98.wixsite.com/website-3/;-$Path=]
[98maxt98.wixsite.com/website-3/; $Path=/index.html]
[static.parastorage.com/services/communities-blog-viewer-app/1.898.0/post-page-viewer.min.css]
[98maxt98.wixsite.com/website-3/blog/tags/sitemap.xml]
[98maxt98.wixsite.com/website-3/blog/tags/robots.html]
[98maxt98.wixsite.com/website-3/blog/tags/feed.xml]
[browser.sentry-cdn.com/4.6.2/bundle.min.js]
[98maxt98.wixsite.com/website-3/blog/tags/POST.html]
[static.parastorage.com/unpkg/whatwg-fetch@3.0.0/dist/fetch.umd.js]
[static.parastorage.com/services/wix-bolt/1.6665.0/bolt-main/app/bolt-custom-elements.min.js]
[static.parastorage.com/unpkg/requirejs-bolt@2.3.6/requirejs.min.js]
[98maxt98.wixsite.com/_partials/wix-bolt/1.6665.0/node_modules/viewer-platform-worker/dist/wixcode-worker.js]
[static.parastorage.com/services/skins/2.1229.80/images/wysiwyg/core/themes/base/cursor_zoom_out.png]
[static.parastorage.com/services/skins/2.1229.80/images/wysiwyg/core/themes/base/cursor_zoom_in.png]
[static.parastorage.com/services/skins/2.1229.80/images/wysiwyg/core/themes/base/arrows_white_new3.png]
[static.wixstatic.com/media/3d70c1_00acb3e3490c4cc4be3927bd30f80109_mv2.png/v1/fill/w_60,h_60,al_c,usm_0.66_1.00_0.01,blur_3/5f27a27cccdebb657270e3a0_Max Inc Logo (1)-p-500.png]
[static.wixstatic.com/media/11062b_8bf7f7e98cfb436d910024d105d3c5a8_mv2.jpeg/v1/fill/w_245,h_163,al_c,q_80,usm_0.66_1.00_0.01,blur_2/11062b_8bf7f7e98cfb436d910024d105d3c5a8_mv2.jpg]
[static.wixstatic.com/media/3d70c1_bc939a1408c842ca8f74474960eeb293f000.jpg/v1/fill/w_245,h_138,al_c,q_80,usm_0.33_1.00_0.00,blur_2/3d70c1_bc939a1408c842ca8f74474960eeb293f000.jpg]
[static.wixstatic.com/media/0da768_0c5ce9e2ffa442bea0b79b690223a939_mv2.png]
[98maxt98.wixsite.com/website-3/blog/tags/_new.html]
[98maxt98.wixsite.com/website-3/blog/tags/_new4d0b.html]
[98maxt98.wixsite.com/website-3/blog/tags/_new4b16.html]
[98maxt98.wixsite.com/website-3/blog/tags/_new8204.html]
[98maxt98.wixsite.com/website-3/blog/tags/beta.html]
[98maxt98.wixsite.com/website-3/blog/tags/fetured.html]
[98maxt98.wixsite.com/website-3/blog/tags/testers-welcome.html]
[98maxt98.wixsite.com/website-3/blog/tags/mostplayed.html]
[98maxt98.wixsite.com/website-3/;-$Path=/;-XSRF-TOKEN=1601584432_Ay5iL0p7nO-U;-$Path=/;-SameSite=None;-$Path=/;-hs=1054861562;-$Path=.html]
[98maxt98.wixsite.com/website-3/;-$Path=.html]
[98maxt98.wixsite.com/website-3/blog/tags/robots.html]
[98maxt98.wixsite.com/website-3/blog/tags/feed.html]
[98maxt98.wixsite.com/website-3/blog/tags/POST.html]
[98maxt98.wixsite.com/website-3/blog/tags/_new4d0b.html]
[98maxt98.wixsite.com/website-3/blog/tags/_new8204.html]
[98maxt98.wixsite.com/website-3/blog/tags/_new4b16.html]
[98maxt98.wixsite.com/website-3/;-$Path=/;-hs=1054861562;-$Path=.80.delayed]
[98maxt98.wixsite.com/website-3/; $Path=/; hs=1054861562; $Path=/index.html]
[98maxt98.wixsite.com/website-3/;-$Path=/;-hs=1054861562;-$Path=.html]
